<?xml version="1.0"?>
<testsuites>
  <testsuite tests="1" failures="0" errors="0" name="[anonymous]">
    <testcase name="#1 [anonymous]"/>
  </testsuite>
</testsuites>
